../Drivers/BSP/Components/st25r200/rfal_rfst25r200.c:360:12:rfalInitialize	16	static
../Drivers/BSP/Components/st25r200/rfal_rfst25r200.c:427:12:rfalCalibrate	8	static
../Drivers/BSP/Components/st25r200/rfal_rfst25r200.c:444:12:rfalAdjustRegulators	16	static
../Drivers/BSP/Components/st25r200/rfal_rfst25r200.c:456:6:rfalSetUpperLayerCallback	16	static
../Drivers/BSP/Components/st25r200/rfal_rfst25r200.c:463:6:rfalSetPreTxRxCallback	16	static
../Drivers/BSP/Components/st25r200/rfal_rfst25r200.c:470:6:rfalSetSyncTxRxCallback	16	static
../Drivers/BSP/Components/st25r200/rfal_rfst25r200.c:477:6:rfalSetPostTxRxCallback	16	static
../Drivers/BSP/Components/st25r200/rfal_rfst25r200.c:484:6:rfalSetLmEonCallback	16	static
../Drivers/BSP/Components/st25r200/rfal_rfst25r200.c:492:12:rfalDeinitialize	8	static
../Drivers/BSP/Components/st25r200/rfal_rfst25r200.c:506:6:rfalSetObsvMode	16	static
../Drivers/BSP/Components/st25r200/rfal_rfst25r200.c:514:6:rfalGetObsvMode	16	static
../Drivers/BSP/Components/st25r200/rfal_rfst25r200.c:529:6:rfalDisableObsvMode	4	static
../Drivers/BSP/Components/st25r200/rfal_rfst25r200.c:537:12:rfalSetMode	16	static
../Drivers/BSP/Components/st25r200/rfal_rfst25r200.c:685:10:rfalGetMode	4	static
../Drivers/BSP/Components/st25r200/rfal_rfst25r200.c:691:12:rfalSetBitRate	24	static
../Drivers/BSP/Components/st25r200/rfal_rfst25r200.c:770:12:rfalGetBitRate	16	static
../Drivers/BSP/Components/st25r200/rfal_rfst25r200.c:792:6:rfalSetErrorHandling	16	static
../Drivers/BSP/Components/st25r200/rfal_rfst25r200.c:826:15:rfalGetErrorHandling	4	static
../Drivers/BSP/Components/st25r200/rfal_rfst25r200.c:833:6:rfalSetFDTPoll	16	static
../Drivers/BSP/Components/st25r200/rfal_rfst25r200.c:840:10:rfalGetFDTPoll	4	static
../Drivers/BSP/Components/st25r200/rfal_rfst25r200.c:847:6:rfalSetFDTListen	16	static
../Drivers/BSP/Components/st25r200/rfal_rfst25r200.c:854:10:rfalGetFDTListen	4	static
../Drivers/BSP/Components/st25r200/rfal_rfst25r200.c:861:6:rfalSetGT	16	static
../Drivers/BSP/Components/st25r200/rfal_rfst25r200.c:868:10:rfalGetGT	4	static
../Drivers/BSP/Components/st25r200/rfal_rfst25r200.c:875:6:rfalIsGTExpired	8	static
../Drivers/BSP/Components/st25r200/rfal_rfst25r200.c:889:12:rfalFieldOnAndStartGT	16	static
../Drivers/BSP/Components/st25r200/rfal_rfst25r200.c:926:12:rfalFieldOff	8	static
../Drivers/BSP/Components/st25r200/rfal_rfst25r200.c:946:12:rfalStartTransceive	32	static
../Drivers/BSP/Components/st25r200/rfal_rfst25r200.c:1044:6:rfalIsTransceiveInTx	4	static
../Drivers/BSP/Components/st25r200/rfal_rfst25r200.c:1051:6:rfalIsTransceiveInRx	4	static
../Drivers/BSP/Components/st25r200/rfal_rfst25r200.c:1058:12:rfalTransceiveBlockingTx	56	static
../Drivers/BSP/Components/st25r200/rfal_rfst25r200.c:1071:19:rfalTransceiveRunBlockingTx	16	static
../Drivers/BSP/Components/st25r200/rfal_rfst25r200.c:1091:12:rfalTransceiveBlockingRx	16	static
../Drivers/BSP/Components/st25r200/rfal_rfst25r200.c:1106:12:rfalTransceiveBlockingTxRx	48	static
../Drivers/BSP/Components/st25r200/rfal_rfst25r200.c:1124:19:rfalRunTransceiveWorker	8	static
../Drivers/BSP/Components/st25r200/rfal_rfst25r200.c:1145:21:rfalGetTransceiveState	4	static
../Drivers/BSP/Components/st25r200/rfal_rfst25r200.c:1152:12:rfalGetTransceiveStatus	4	static
../Drivers/BSP/Components/st25r200/rfal_rfst25r200.c:1159:12:rfalGetTransceiveRSSI	16	static
../Drivers/BSP/Components/st25r200/rfal_rfst25r200.c:1171:6:rfalIsTransceiveSubcDetected	8	static
../Drivers/BSP/Components/st25r200/rfal_rfst25r200.c:1182:6:rfalWorker	8	static
../Drivers/BSP/Components/st25r200/rfal_rfst25r200.c:1213:13:rfalErrorHandling	16	static
../Drivers/BSP/Components/st25r200/rfal_rfst25r200.c:1306:13:rfalCleanupTransceive	8	static
../Drivers/BSP/Components/st25r200/rfal_rfst25r200.c:1333:13:rfalPrepareTransceive	24	static
../Drivers/BSP/Components/st25r200/rfal_rfst25r200.c:1461:13:rfalTransceiveTx	24	static
../Drivers/BSP/Components/st25r200/rfal_rfst25r200.c:1677:13:rfalTransceiveRx	16	static
../Drivers/BSP/Components/st25r200/rfal_rfst25r200.c:2014:13:rfalFIFOStatusUpdate	8	static
../Drivers/BSP/Components/st25r200/rfal_rfst25r200.c:2024:13:rfalFIFOStatusClear	4	static
../Drivers/BSP/Components/st25r200/rfal_rfst25r200.c:2031:17:rfalFIFOStatusGetNumBytes	16	static
../Drivers/BSP/Components/st25r200/rfal_rfst25r200.c:2044:13:rfalFIFOStatusIsIncompleteByte	8	static
../Drivers/BSP/Components/st25r200/rfal_rfst25r200.c:2052:13:rfalFIFOStatusIsMissingPar	8	static
../Drivers/BSP/Components/st25r200/rfal_rfst25r200.c:2060:16:rfalFIFOGetNumIncompleteBits	8	static
../Drivers/BSP/Components/st25r200/rfal_rfst25r200.c:2070:12:rfalISO14443ATransceiveShortFrame	64	static
../Drivers/BSP/Components/st25r200/rfal_rfst25r200.c:2124:12:rfalISO14443ATransceiveAnticollisionFrame	40	static
../Drivers/BSP/Components/st25r200/rfal_rfst25r200.c:2136:12:rfalISO14443AStartTransceiveAnticollisionFrame	56	static
../Drivers/BSP/Components/st25r200/rfal_rfst25r200.c:2202:12:rfalISO14443AGetTransceiveAnticollisionFrameStatus	16	static
../Drivers/BSP/Components/st25r200/rfal_rfst25r200.c:2247:12:rfalISO15693TransceiveAnticollisionFrame	56	static
../Drivers/BSP/Components/st25r200/rfal_rfst25r200.c:2314:12:rfalISO15693TransceiveEOFAnticollision	32	static
../Drivers/BSP/Components/st25r200/rfal_rfst25r200.c:2325:12:rfalISO15693TransceiveEOF	32	static
../Drivers/BSP/Components/st25r200/rfal_rfst25r200.c:2491:6:rfalIsExtFieldOn	8	static
../Drivers/BSP/Components/st25r200/rfal_rfst25r200.c:2579:12:rfalWakeUpModeStart	40	static
../Drivers/BSP/Components/st25r200/rfal_rfst25r200.c:2757:6:rfalWakeUpModeHasWoke	4	static
../Drivers/BSP/Components/st25r200/rfal_rfst25r200.c:2764:6:rfalWakeUpModeIsEnabled	4	static
../Drivers/BSP/Components/st25r200/rfal_rfst25r200.c:2771:12:rfalWakeUpModeGetInfo	16	static
../Drivers/BSP/Components/st25r200/rfal_rfst25r200.c:2833:13:rfalRunWakeUpModeWorker	16	static
../Drivers/BSP/Components/st25r200/rfal_rfst25r200.c:2885:12:rfalWakeUpModeStop	8	static
../Drivers/BSP/Components/st25r200/rfal_rfst25r200.c:2914:12:rfalWlcPWptMonitorStart	16	static
../Drivers/BSP/Components/st25r200/rfal_rfst25r200.c:2923:12:rfalWlcPWptMonitorStop	4	static
../Drivers/BSP/Components/st25r200/rfal_rfst25r200.c:2930:6:rfalWlcPWptIsFodDetected	4	static
../Drivers/BSP/Components/st25r200/rfal_rfst25r200.c:2937:6:rfalWlcPWptIsStopDetected	4	static
../Drivers/BSP/Components/st25r200/rfal_rfst25r200.c:2950:12:rfalLowPowerModeStart	16	static
../Drivers/BSP/Components/st25r200/rfal_rfst25r200.c:2986:12:rfalLowPowerModeStop	16	static
../Drivers/BSP/Components/st25r200/rfal_rfst25r200.c:3022:12:rfalChipWriteReg	16	static
../Drivers/BSP/Components/st25r200/rfal_rfst25r200.c:3034:12:rfalChipReadReg	16	static
../Drivers/BSP/Components/st25r200/rfal_rfst25r200.c:3046:12:rfalChipExecCmd	16	static
../Drivers/BSP/Components/st25r200/rfal_rfst25r200.c:3058:12:rfalChipWriteTestReg	16	static
../Drivers/BSP/Components/st25r200/rfal_rfst25r200.c:3065:12:rfalChipReadTestReg	16	static
../Drivers/BSP/Components/st25r200/rfal_rfst25r200.c:3072:12:rfalChipChangeRegBits	16	static
../Drivers/BSP/Components/st25r200/rfal_rfst25r200.c:3084:12:rfalChipChangeTestRegBits	16	static
../Drivers/BSP/Components/st25r200/rfal_rfst25r200.c:3091:12:rfalChipSetRFO	16	static
../Drivers/BSP/Components/st25r200/rfal_rfst25r200.c:3098:12:rfalChipGetRFO	24	static
../Drivers/BSP/Components/st25r200/rfal_rfst25r200.c:3114:12:rfalChipSetLMMod	16	static
../Drivers/BSP/Components/st25r200/rfal_rfst25r200.c:3124:12:rfalChipGetLMMod	16	static
../Drivers/BSP/Components/st25r200/rfal_rfst25r200.c:3141:12:rfalChipMeasureAmplitude	16	static
../Drivers/BSP/Components/st25r200/rfal_rfst25r200.c:3153:12:rfalChipMeasurePhase	16	static
../Drivers/BSP/Components/st25r200/rfal_rfst25r200.c:3165:12:rfalChipMeasureCapacitance	16	static
../Drivers/BSP/Components/st25r200/rfal_rfst25r200.c:3177:12:rfalChipMeasurePowerSupply	16	static
../Drivers/BSP/Components/st25r200/rfal_rfst25r200.c:3191:12:rfalChipMeasureIQ	16	static
../Drivers/BSP/Components/st25r200/rfal_rfst25r200.c:3199:12:rfalChipMeasureCombinedIQ	24	static
../Drivers/BSP/Components/st25r200/rfal_rfst25r200.c:3218:12:rfalChipSetAntennaMode	16	static
