../Drivers/BSP/Components/st25r200/st25r200.c:92:19:st25r200WaitAgd	16	static
../Drivers/BSP/Components/st25r200/st25r200.c:116:12:st25r200Initialize	16	static
../Drivers/BSP/Components/st25r200/st25r200.c:236:6:st25r200Deinitialize	8	static
../Drivers/BSP/Components/st25r200/st25r200.c:251:12:st25r200OscOn	16	static
../Drivers/BSP/Components/st25r200/st25r200.c:293:12:st25r200AdjustRegulators	24	static
../Drivers/BSP/Components/st25r200/st25r200.c:322:12:st25r200ExecuteCommandAndGetResult	16	static
../Drivers/BSP/Components/st25r200/st25r200.c:345:12:st25r200MeasureIQ	24	static
../Drivers/BSP/Components/st25r200/st25r200.c:369:12:st25r200MeasureCombinedIQ	24	static
../Drivers/BSP/Components/st25r200/st25r200.c:411:12:st25r200ClearCalibration	8	static
../Drivers/BSP/Components/st25r200/st25r200.c:418:12:st25r200CalibrateWU	24	static
../Drivers/BSP/Components/st25r200/st25r200.c:439:12:st25r200MeasureWU	24	static
../Drivers/BSP/Components/st25r200/st25r200.c:460:6:st25r200IsExtFieldOn	16	static
../Drivers/BSP/Components/st25r200/st25r200.c:487:12:st25r200SetBitrate	24	static
../Drivers/BSP/Components/st25r200/st25r200.c:518:12:st25r200PerformCollisionAvoidance	8	static
../Drivers/BSP/Components/st25r200/st25r200.c:543:6:st25r200SetNumTxBits	16	static
../Drivers/BSP/Components/st25r200/st25r200.c:551:10:st25r200GetNumFIFOBytes	16	static
../Drivers/BSP/Components/st25r200/st25r200.c:569:9:st25r200GetNumFIFOLastBits	16	static
../Drivers/BSP/Components/st25r200/st25r200.c:580:10:st25r200GetNoResponseTime	4	static
../Drivers/BSP/Components/st25r200/st25r200.c:587:12:st25r200SetNoResponseTime	24	static
../Drivers/BSP/Components/st25r200/st25r200.c:623:12:st25r200SetStartNoResponseTimer	24	static
../Drivers/BSP/Components/st25r200/st25r200.c:638:6:st25r200SetGPTime	16	static
../Drivers/BSP/Components/st25r200/st25r200.c:646:12:st25r200SetStartGPTimer	16	static
../Drivers/BSP/Components/st25r200/st25r200.c:662:6:st25r200CheckChipID	24	static
../Drivers/BSP/Components/st25r200/st25r200.c:685:12:st25r200GetRegsDump	88	static
../Drivers/BSP/Components/st25r200/st25r200.c:711:6:st25r200IsCmdValid	16	static
../Drivers/BSP/Components/st25r200/st25r200.c:722:12:st25r200SetAntennaMode	24	static
