../Drivers/CMSIS/Include/core_cm4.h:1679:22:__NVIC_EnableIRQ	16	static,ignoring_inline_asm
../Drivers/CMSIS/Include/core_cm4.h:1717:22:__NVIC_DisableIRQ	16	static,ignoring_inline_asm
../Drivers/BSP/Components/st25r200/st25r200_irq.c:68:6:st25r200InitInterrupts	4	static
../Drivers/BSP/Components/st25r200/st25r200_irq.c:81:6:st25r200Isr	8	static
../Drivers/BSP/Components/st25r200/st25r200_irq.c:94:6:st25r200CheckForReceivedInterrupts	16	static,ignoring_inline_asm
../Drivers/BSP/Components/st25r200/st25r200_irq.c:132:6:st25r200ModifyInterrupts	32	static
../Drivers/BSP/Components/st25r200/st25r200_irq.c:157:10:st25r200WaitForInterruptsTimed	24	static,ignoring_inline_asm
../Drivers/BSP/Components/st25r200/st25r200_irq.c:187:10:st25r200GetInterrupt	24	static,ignoring_inline_asm
../Drivers/BSP/Components/st25r200/st25r200_irq.c:204:6:st25r200ClearAndEnableInterrupts	16	static
../Drivers/BSP/Components/st25r200/st25r200_irq.c:212:6:st25r200EnableInterrupts	16	static
../Drivers/BSP/Components/st25r200/st25r200_irq.c:219:6:st25r200DisableInterrupts	16	static
../Drivers/BSP/Components/st25r200/st25r200_irq.c:225:6:st25r200ClearInterrupts	16	static,ignoring_inline_asm
../Drivers/BSP/Components/st25r200/st25r200_irq.c:238:6:st25r200IRQCallbackSet	16	static
../Drivers/BSP/Components/st25r200/st25r200_irq.c:245:6:st25r200IRQCallbackRestore	4	static
