../Core/Src/main.c:100:9:BSP_NFC0XCOMM_SendRecv	40	static
../Core/Src/main.c:132:13:BSP_SPI1_IRQ_Callback	8	static
../Core/Src/main.c:143:6:IDMatch	32	static
../Core/Src/main.c:155:6:SpeedUp	4	static
../Core/Src/main.c:169:6:SlowDown	4	static
../Core/Src/main.c:188:5:main	80	static
../Core/Src/main.c:363:6:SystemClock_Config	96	static
../Core/Src/main.c:413:13:MX_TIM2_Init	64	static
../Core/Src/main.c:471:13:MX_TIM3_Init	64	static
../Core/Src/main.c:530:13:MX_USART2_UART_Init	8	static
../Core/Src/main.c:565:13:MX_GPIO_Init	48	static
../Core/Src/main.c:638:6:Error_Handler	4	static,ignoring_inline_asm
